Microchip MPLAB XC8 Compiler V2.40

Linker command line:

-W-3 \
  --edf=C:\Program Files\Microchip\xc8\v2.40\pic\dat\20220703182018_en.msgs \
  -cn -h+dist/default/production\ADC_SPI_RX.X.production.sym \
  --cmf=dist/default/production\ADC_SPI_RX.X.production.cmf -z -Q16F877A \
  -oC:\Users\pampa\AppData\Local\Temp\xcAsdek.4 --defsym=__MPLAB_BUILD=1 \
  --fixupoverflow=error \
  -Mdist/default/production/ADC_SPI_RX.X.production.map \
  --md=C:\Users\pampa\AppData\Local\Temp\xcAsdek.dat -E1 -ver=XC8 Compiler \
  --acfsm=1493 -ACODE=00h-07FFhx4 -ASTRCODE=00h-01FFFh -ASTRING=00h-0FFhx32 \
  -ACONST=00h-0FFhx32 -AENTRY=00h-0FFhx32 -ACOMMON=070h-07Fh \
  -ABANK0=020h-06Fh -ABANK1=0A0h-0EFh -ABANK2=0110h-016Fh \
  -ABANK3=0190h-01EFh -ARAM=020h-06Fh,0A0h-0EFh,0110h-016Fh,0190h-01EFh \
  -AABS1=020h-07Fh,0A0h-0EFh,0110h-016Fh,0190h-01EFh -ASFR0=00h-01Fh \
  -ASFR1=080h-09Fh -ASFR2=0100h-010Fh -ASFR3=0180h-018Fh \
  -ACONFIG=02007h-02007h -DCONFIG=2 -AIDLOC=02000h-02003h -DIDLOC=2 \
  -AEEDATA=00h-0FFh/02100h -peeprom_data=EEDATA -DEEDATA=2 -DCODE=2 \
  -DSTRCODE=2 -DSTRING=2 -DCONST=2 -DENTRY=2 \
  -preset_vec=00h,intentry,init,end_init -ppowerup=CODE -pcinit=CODE \
  -pfunctab=ENTRY -k C:\Users\pampa\AppData\Local\Temp\xcAsdek.o \
  dist/default/production\ADC_SPI_RX.X.production.o 

Object code version is 3.11

Machine type is 16F877A



                Name                               Link     Load   Length Selector   Space Scale
C:\Users\pampa\AppData\Local\Temp\xcAsdek.o
                end_init                              0        0        3        0       0
                config                             2007     2007        1        0       4
                idloc                              2000     2000        4        0       5
dist/default/production\ADC_SPI_RX.X.production.o
                cinit                               7FC      7FC        4      FF8       0
                config                             2007     2007        1        0       4
                idloc                              2000     2000        4        0       5
                text7                               6FC      6FC        9      DF8       0
                text6                               78C      78C       2F      F18       0
                text5                               705      705        E      E0A       0
                text4                               72A      72A       1A      E54       0
                text3                               763      763       29      EC6       0
                text2                               713      713       17      E26       0
                text1                               744      744       1F      E88       0
                maintext                            7BB      7BB       41      F76       0
                cstackCOMMON                         70       70        B       70       1
                strings                               3        3       14        6       0

TOTAL           Name                               Link     Load   Length     Space
        CLASS   CODE           
                end_init                              0        0        3         0
                cinit                               7FC      7FC        4         0
                text7                               6FC      6FC        9         0
                text6                               78C      78C       2F         0
                text5                               705      705        E         0
                text4                               72A      72A       1A         0
                text3                               763      763       29         0
                text2                               713      713       17         0
                text1                               744      744       1F         0
                maintext                            7BB      7BB       41         0

        CLASS   STRCODE        

        CLASS   STRING         
                strings                               3        3       14         0

        CLASS   CONST          

        CLASS   ENTRY          

        CLASS   COMMON         
                cstackCOMMON                         70       70        B         1

        CLASS   BANK0          

        CLASS   BANK1          

        CLASS   BANK2          

        CLASS   BANK3          

        CLASS   RAM            

        CLASS   ABS1           
                abs_s1                               7E       7E        2         1

        CLASS   SFR0           

        CLASS   SFR1           

        CLASS   SFR2           

        CLASS   SFR3           

        CLASS   CONFIG         
                config                             2007     2007        1         4

        CLASS   IDLOC          
                idloc                              2000     2000        4         5

        CLASS   EEDATA         

        CLASS   STACK          



SEGMENTS        Name                           Load    Length   Top    Selector   Space  Class     Delta

                reset_vec                      000000  000003  000003         0       0  CODE        2
                strings                        000003  000014  000017         6       0  STRING      2
                cstackCOMMON                   000070  00000B  00007B        70       1  COMMON      1
                text7                          0006FC  000009  000705       DF8       0  CODE        2
                text5                          000705  00000E  000713       E0A       0  CODE        2
                text2                          000713  000017  00072A       E26       0  CODE        2
                text4                          00072A  00001A  000744       E54       0  CODE        2
                text1                          000744  00001F  000763       E88       0  CODE        2
                text3                          000763  000029  00078C       EC6       0  CODE        2
                text6                          00078C  00002F  0007BB       F18       0  CODE        2
                maintext                       0007BB  000041  0007FC       F76       0  CODE        2
                cinit                          0007FC  000004  000800       FF8       0  CODE        2


UNUSED ADDRESS RANGES

        Name                Unused          Largest block    Delta
        BANK0            0020-006F             50           1
        BANK1            00A0-00EF             50           1
        BANK2            0110-016F             60           1
        BANK3            0190-01EF             60           1
        CODE             0017-06FB            6E5           2
                         0800-1FFF            800
        COMMON           007B-007D              3           1
        CONST            0017-06FB            100           2
                         0800-1FFF            100
        EEDATA           2100-21FF            100           2
        ENTRY            0017-06FB            100           2
                         0800-1FFF            100
        RAM              0020-006F             50           1
                         00A0-00EF             50
                         0110-016F             60
                         0190-01EF             60
        SFR0             0000-001F             20           1
        SFR1             0080-009F             20           1
        SFR2             0100-010F             10           1
        SFR3             0180-018F             10           1
        STRCODE          0017-06FB            6E5           2
                         0800-1FFF           1800
        STRING           0017-06FB            100           2
                         0800-1FFF            100

                                  Symbol Table

Received@i               cstackCOMMON 0074
Received@length          cstackCOMMON 0070
Received@ptr             cstackCOMMON 0073
Received@temp            cstackCOMMON 0072
_PORTC                   (abs)        0007
_PORTD                   (abs)        0008
_Received                text6        078C
_SPI_Rx                  text7        06FC
_SSPBUF                  (abs)        0013
_SSPCON                  (abs)        0014
_SSPIF                   (abs)        0063
_SSPSTAT                 (abs)        0094
_Slave_Init              text5        0705
_TRISA5                  (abs)        042D
_TRISC                   (abs)        0087
_TRISC3                  (abs)        043B
_TRISC4                  (abs)        043C
_TRISC5                  (abs)        043D
_TRISD                   (abs)        0088
__Habs1                  abs1         0000
__Hbank0                 bank0        0000
__Hbank1                 bank1        0000
__Hbank2                 bank2        0000
__Hbank3                 bank3        0000
__Hcinit                 cinit        0800
__Hclrtext               clrtext      0000
__Hcode                  code         0000
__Hcommon                common       0000
__Hconfig                config       2008
__HcstackCOMMON          cstackCOMMON 0000
__Heeprom_data           eeprom_data  0000
__Hend_init              end_init     0003
__Hfunctab               functab      0000
__Hidloc                 idloc        2004
__Hinit                  init         0000
__Hintentry              intentry     0000
__Hmaintext              maintext     0000
__Hpowerup               powerup      0000
__Hram                   ram          0000
__Hreset_vec             reset_vec    0000
__Hsfr0                  sfr0         0000
__Hsfr1                  sfr1         0000
__Hsfr2                  sfr2         0000
__Hsfr3                  sfr3         0000
__Hspace_0               (abs)        0800
__Hspace_1               (abs)        007B
__Hspace_2               (abs)        0000
__Hspace_3               (abs)        0000
__Hspace_4               (abs)        400F
__Hstack                 stack        0000
__Hstrings               strings      0000
__Htext                  text         0000
__Labs1                  abs1         0000
__Lbank0                 bank0        0000
__Lbank1                 bank1        0000
__Lbank2                 bank2        0000
__Lbank3                 bank3        0000
__Lcinit                 cinit        07FC
__Lclrtext               clrtext      0000
__Lcode                  code         0000
__Lcommon                common       0000
__Lconfig                config       0000
__LcstackCOMMON          cstackCOMMON 0000
__Leeprom_data           eeprom_data  0000
__Lend_init              end_init     0000
__Lfunctab               functab      0000
__Lidloc                 idloc        0000
__Linit                  init         0000
__Lintentry              intentry     0000
__Lmaintext              maintext     0000
__Lpowerup               powerup      0000
__Lram                   ram          0000
__Lreset_vec             reset_vec    0000
__Lsfr0                  sfr0         0000
__Lsfr1                  sfr1         0000
__Lsfr2                  sfr2         0000
__Lsfr3                  sfr3         0000
__Lspace_0               (abs)        0000
__Lspace_1               (abs)        0000
__Lspace_2               (abs)        0000
__Lspace_3               (abs)        0000
__Lspace_4               (abs)        0000
__Lstack                 stack        0000
__Lstrings               strings      0000
__Ltext                  text         0000
__S0                     (abs)        0800
__S1                     (abs)        007B
__S3                     (abs)        0000
___int_sp                stack        0000
___latbits               (abs)        0002
___sp                    stack        0000
___stackhi               (abs)        0000
___stacklo               (abs)        0000
__end_of_Received        text6        07BB
__end_of_SPI_Rx          text7        0705
__end_of_Slave_Init      text5        0713
__end_of__initialization cinit        07FC
__end_of__stringtab      strings      0009
__end_of_lcd_cmd         text4        0744
__end_of_lcd_data        text2        072A
__end_of_lcd_init        text3        078C
__end_of_lcd_str         text1        0763
__end_of_main            maintext     07FC
__initialization         cinit        07FC
__pcstackCOMMON          cstackCOMMON 0070
__pmaintext              maintext     07BB
__pstrings               strings      0003
__ptext1                 text1        0744
__ptext2                 text2        0713
__ptext3                 text3        0763
__ptext4                 text4        072A
__ptext5                 text5        0705
__ptext6                 text6        078C
__ptext7                 text7        06FC
__stringbase             strings      0008
__stringtab              strings      0003
_lcd_cmd                 text4        072A
_lcd_data                text2        0713
_lcd_init                text3        0763
_lcd_str                 text1        0744
_main                    maintext     07BB
btemp                    (abs)        007E
end_of_initialization    cinit        07FC
intlevel0                functab      0000
intlevel1                functab      0000
intlevel2                functab      0000
intlevel3                functab      0000
intlevel4                functab      0000
intlevel5                functab      0000
lcd_cmd@cmd              cstackCOMMON 0072
lcd_data@data1           cstackCOMMON 0072
lcd_str@str              cstackCOMMON 0074
main@Rx_data             cstackCOMMON 0076
reset_vec                reset_vec    0000
start                    init         0000
start_initialization     cinit        07FC
wtemp0                   (abs)        007E


MODULE INFORMATION

Module		Function		Class		Link	Load	Size
ADC_SPI_Rx.c
		_Received      		CODE           	078C	0000	47
		_main          		CODE           	07BB	0000	65

ADC_SPI_Rx.c estimated size: 112

Lcd_8bit.c
		_lcd_cmd       		CODE           	072A	0000	26
		_lcd_data      		CODE           	0713	0000	23
		_lcd_str       		CODE           	0744	0000	31
		_lcd_init      		CODE           	0763	0000	41

Lcd_8bit.c estimated size: 121

SPI_Com.c
		_SPI_Rx        		CODE           	06FC	0000	9
		_Slave_Init    		CODE           	0705	0000	14

SPI_Com.c estimated size: 23

shared
		__stringtab    		STRING         	0003	0000	6
		__initialization		CODE           	07FC	0000	1

shared estimated size: 7

